[debug] [2025-07-29T20:24:43.716Z] ----------------------------------------------------------------------
[debug] [2025-07-29T20:24:43.717Z] Command:       /Users/sahdasamier/.nvm/versions/node/v20.18.3/bin/node /Users/sahdasamier/.yarn/bin/firebase deploy --only firestore:indexes --force --debug
[debug] [2025-07-29T20:24:43.717Z] CLI Version:   13.35.1
[debug] [2025-07-29T20:24:43.718Z] Platform:      darwin
[debug] [2025-07-29T20:24:43.718Z] Node Version:  v20.18.3
[debug] [2025-07-29T20:24:43.718Z] Time:          Tue Jul 29 2025 23:24:43 GMT+0300 (Eastern European Summer Time)
[debug] [2025-07-29T20:24:43.718Z] ----------------------------------------------------------------------
[debug] 
[debug] [2025-07-29T20:24:43.849Z] > command requires scopes: ["email","openid","https://www.googleapis.com/auth/cloudplatformprojects.readonly","https://www.googleapis.com/auth/firebase","https://www.googleapis.com/auth/cloud-platform"]
[debug] [2025-07-29T20:24:43.849Z] > authorizing via signed-in user (sahdasamier@gmail.com)
[debug] [2025-07-29T20:24:43.850Z] [iam] checking project clinic-d9c0a for permissions ["datastore.indexes.create","datastore.indexes.delete","datastore.indexes.list","datastore.indexes.update","firebase.projects.get"]
[debug] [2025-07-29T20:24:43.850Z] Checked if tokens are valid: true, expires at: 1753823882168
[debug] [2025-07-29T20:24:43.850Z] Checked if tokens are valid: true, expires at: 1753823882168
[debug] [2025-07-29T20:24:43.851Z] >>> [apiv2][query] POST https://cloudresourcemanager.googleapis.com/v1/projects/clinic-d9c0a:testIamPermissions [none]
[debug] [2025-07-29T20:24:43.851Z] >>> [apiv2][(partial)header] POST https://cloudresourcemanager.googleapis.com/v1/projects/clinic-d9c0a:testIamPermissions x-goog-quota-user=projects/clinic-d9c0a
[debug] [2025-07-29T20:24:43.851Z] >>> [apiv2][body] POST https://cloudresourcemanager.googleapis.com/v1/projects/clinic-d9c0a:testIamPermissions {"permissions":["datastore.indexes.create","datastore.indexes.delete","datastore.indexes.list","datastore.indexes.update","firebase.projects.get"]}
[debug] [2025-07-29T20:24:44.744Z] <<< [apiv2][status] POST https://cloudresourcemanager.googleapis.com/v1/projects/clinic-d9c0a:testIamPermissions 200
[debug] [2025-07-29T20:24:44.744Z] <<< [apiv2][body] POST https://cloudresourcemanager.googleapis.com/v1/projects/clinic-d9c0a:testIamPermissions {"permissions":["datastore.indexes.create","datastore.indexes.delete","datastore.indexes.list","datastore.indexes.update","firebase.projects.get"]}
[info] 
[info] === Deploying to 'clinic-d9c0a'...
[info] 
[info] i  deploying firestore 
[info] i  firestore: reading indexes from firestore.indexes.json... 
[info] i  cloud.firestore: checking firestore.rules for compilation errors... 
[debug] [2025-07-29T20:24:44.752Z] Checked if tokens are valid: true, expires at: 1753823882168
[debug] [2025-07-29T20:24:44.752Z] Checked if tokens are valid: true, expires at: 1753823882168
[debug] [2025-07-29T20:24:44.753Z] >>> [apiv2][query] POST https://firebaserules.googleapis.com/v1/projects/clinic-d9c0a:test [none]
[debug] [2025-07-29T20:24:44.753Z] >>> [apiv2][body] POST https://firebaserules.googleapis.com/v1/projects/clinic-d9c0a:test [omitted]
[debug] [2025-07-29T20:24:45.751Z] <<< [apiv2][status] POST https://firebaserules.googleapis.com/v1/projects/clinic-d9c0a:test 200
[debug] [2025-07-29T20:24:45.751Z] <<< [apiv2][body] POST https://firebaserules.googleapis.com/v1/projects/clinic-d9c0a:test {}
[info] ✔  cloud.firestore: rules file firestore.rules compiled successfully 
[info] i  firestore: deploying indexes... 
[debug] [2025-07-29T20:24:45.754Z] Checked if tokens are valid: true, expires at: 1753823882168
[debug] [2025-07-29T20:24:45.754Z] Checked if tokens are valid: true, expires at: 1753823882168
[debug] [2025-07-29T20:24:45.754Z] >>> [apiv2][query] GET https://firestore.googleapis.com/v1/projects/clinic-d9c0a/databases/(default)/collectionGroups/-/indexes [none]
[debug] [2025-07-29T20:24:46.128Z] <<< [apiv2][status] GET https://firestore.googleapis.com/v1/projects/clinic-d9c0a/databases/(default)/collectionGroups/-/indexes 200
[debug] [2025-07-29T20:24:46.128Z] <<< [apiv2][body] GET https://firestore.googleapis.com/v1/projects/clinic-d9c0a/databases/(default)/collectionGroups/-/indexes {"indexes":[{"name":"projects/clinic-d9c0a/databases/(default)/collectionGroups/schedules/indexes/CICAgJj7z4EJ","queryScope":"COLLECTION","fields":[{"fieldPath":"clinicId","order":"ASCENDING"},{"fieldPath":"isActive","order":"ASCENDING"},{"fieldPath":"doctorName","order":"ASCENDING"},{"fieldPath":"__name__","order":"ASCENDING"}],"state":"READY","density":"SPARSE_ALL"},{"name":"projects/clinic-d9c0a/databases/(default)/collectionGroups/users/indexes/CICAgJjF9oIJ","queryScope":"COLLECTION","fields":[{"fieldPath":"clinicId","order":"ASCENDING"},{"fieldPath":"role","order":"ASCENDING"},{"fieldPath":"isActive","order":"ASCENDING"},{"fieldPath":"__name__","order":"ASCENDING"}],"state":"READY","density":"SPARSE_ALL"},{"name":"projects/clinic-d9c0a/databases/(default)/collectionGroups/payments/indexes/CICAgNi47oMJ","queryScope":"COLLECTION","fields":[{"fieldPath":"clinicId","order":"ASCENDING"},{"fieldPath":"isActive","order":"ASCENDING"},{"fieldPath":"createdAt","order":"DESCENDING"},{"fieldPath":"__name__","order":"DESCENDING"}],"state":"READY","density":"SPARSE_ALL"},{"name":"projects/clinic-d9c0a/databases/(default)/collectionGroups/patients/indexes/CICAgNiav4AK","queryScope":"COLLECTION","fields":[{"fieldPath":"clinicId","order":"ASCENDING"},{"fieldPath":"isActive","order":"ASCENDING"},{"fieldPath":"createdAt","order":"DESCENDING"},{"fieldPath":"__name__","order":"DESCENDING"}],"state":"READY","density":"SPARSE_ALL"},{"name":"projects/clinic-d9c0a/databases/(default)/collectionGroups/appointments/indexes/CICAgJim14AK","queryScope":"COLLECTION","fields":[{"fieldPath":"clinicId","order":"ASCENDING"},{"fieldPath":"doctorId","order":"ASCENDING"},{"fieldPath":"isActive","order":"ASCENDING"},{"fieldPath":"date","order":"DESCENDING"},{"fieldPath":"timeSlot","order":"ASCENDING"},{"fieldPath":"__name__","order":"ASCENDING"}],"state":"READY","density":"SPARSE_ALL"},{"name":"projects/clinic-d9c0a/databases/(default)/collectionGroups/appointments/indexes/CICAgOjXh4EK","queryScope":"COLLECTION","fields":[{"fieldPath":"clinicId","order":"ASCENDING"},{"fieldPath":"isActive","order":"ASCENDING"},{"fieldPath":"date","order":"DESCENDING"},{"fieldPath":"timeSlot","order":"ASCENDING"},{"fieldPath":"__name__","order":"ASCENDING"}],"state":"READY","density":"SPARSE_ALL"},{"name":"projects/clinic-d9c0a/databases/(default)/collectionGroups/payments/indexes/CICAgNiroIEK","queryScope":"COLLECTION","fields":[{"fieldPath":"clinicId","order":"ASCENDING"},{"fieldPath":"appointmentId","order":"ASCENDING"},{"fieldPath":"isActive","order":"ASCENDING"},{"fieldPath":"createdAt","order":"DESCENDING"},{"fieldPath":"__name__","order":"DESCENDING"}],"state":"READY","density":"SPARSE_ALL"},{"name":"projects/clinic-d9c0a/databases/(default)/collectionGroups/appointments/indexes/CICAgJj7z4EK","queryScope":"COLLECTION","fields":[{"fieldPath":"clinicId","order":"ASCENDING"},{"fieldPath":"status","order":"ASCENDING"},{"fieldPath":"isActive","order":"ASCENDING"},{"fieldPath":"date","order":"DESCENDING"},{"fieldPath":"__name__","order":"DESCENDING"}],"state":"READY","density":"SPARSE_ALL"},{"name":"projects/clinic-d9c0a/databases/(default)/collectionGroups/patients/indexes/CICAgNjpgYIK","queryScope":"COLLECTION","fields":[{"fieldPath":"clinicId","order":"ASCENDING"},{"fieldPath":"status","order":"ASCENDING"},{"fieldPath":"isActive","order":"ASCENDING"},{"fieldPath":"createdAt","order":"DESCENDING"},{"fieldPath":"__name__","order":"DESCENDING"}],"state":"READY","density":"SPARSE_ALL"},{"name":"projects/clinic-d9c0a/databases/(default)/collectionGroups/appointments/indexes/CICAgJjF9oIK","queryScope":"COLLECTION","fields":[{"fieldPath":"clinicId","order":"ASCENDING"},{"fieldPath":"patientId","order":"ASCENDING"},{"fieldPath":"isActive","order":"ASCENDING"},{"fieldPath":"date","order":"DESCENDING"},{"fieldPath":"__name__","order":"DESCENDING"}],"state":"READY","density":"SPARSE_ALL"},{"name":"projects/clinic-d9c0a/databases/(default)/collectionGroups/inventory/indexes/CICAgLiIkYMK","queryScope":"COLLECTION","fields":[{"fieldPath":"clinicId","order":"ASCENDING"},{"fieldPath":"isActive","order":"ASCENDING"},{"fieldPath":"name","order":"ASCENDING"},{"fieldPath":"__name__","order":"ASCENDING"}],"state":"READY","density":"SPARSE_ALL"},{"name":"projects/clinic-d9c0a/databases/(default)/collectionGroups/appointments/indexes/CICAgJiUpoMK","queryScope":"COLLECTION","fields":[{"fieldPath":"clinicId","order":"ASCENDING"},{"fieldPath":"date","order":"ASCENDING"},{"fieldPath":"isActive","order":"ASCENDING"},{"fieldPath":"timeSlot","order":"ASCENDING"},{"fieldPath":"__name__","order":"ASCENDING"}],"state":"READY","density":"SPARSE_ALL"},{"name":"projects/clinic-d9c0a/databases/(default)/collectionGroups/appointments/indexes/CICAgNi47oMK","queryScope":"COLLECTION","fields":[{"fieldPath":"clinicId","order":"ASCENDING"},{"fieldPath":"isActive","order":"ASCENDING"},{"fieldPath":"createdAt","order":"DESCENDING"},{"fieldPath":"__name__","order":"DESCENDING"}],"state":"READY","density":"SPARSE_ALL"},{"name":"projects/clinic-d9c0a/databases/(default)/collectionGroups/payments/indexes/CICAgNjaxJEK","queryScope":"COLLECTION","fields":[{"fieldPath":"clinicId","order":"ASCENDING"},{"fieldPath":"patientId","order":"ASCENDING"},{"fieldPath":"isActive","order":"ASCENDING"},{"fieldPath":"createdAt","order":"DESCENDING"},{"fieldPath":"__name__","order":"DESCENDING"}],"state":"READY","density":"SPARSE_ALL"},{"name":"projects/clinic-d9c0a/databases/(default)/collectionGroups/appointments/indexes/CICAgNi4-ZIK","queryScope":"COLLECTION","fields":[{"fieldPath":"clinicId","order":"ASCENDING"},{"fieldPath":"isActive","order":"ASCENDING"},{"fieldPath":"date","order":"DESCENDING"},{"fieldPath":"__name__","order":"ASCENDING"}],"state":"READY","density":"SPARSE_ALL"},{"name":"projects/clinic-d9c0a/databases/(default)/collectionGroups/notifications/indexes/CICAgNjp5ZMK","queryScope":"COLLECTION","fields":[{"fieldPath":"clinicId","order":"ASCENDING"},{"fieldPath":"isActive","order":"ASCENDING"},{"fieldPath":"createdAt","order":"DESCENDING"},{"fieldPath":"__name__","order":"DESCENDING"}],"state":"READY","density":"SPARSE_ALL"},{"name":"projects/clinic-d9c0a/databases/(default)/collectionGroups/payments/indexes/CICAgJj7z4EL","queryScope":"COLLECTION","fields":[{"fieldPath":"clinicId","order":"ASCENDING"},{"fieldPath":"status","order":"ASCENDING"},{"fieldPath":"isActive","order":"ASCENDING"},{"fieldPath":"createdAt","order":"DESCENDING"},{"fieldPath":"__name__","order":"DESCENDING"}],"state":"READY","density":"SPARSE_ALL"}]}
[debug] [2025-07-29T20:24:46.129Z] Checked if tokens are valid: true, expires at: 1753823882168
[debug] [2025-07-29T20:24:46.129Z] Checked if tokens are valid: true, expires at: 1753823882168
[debug] [2025-07-29T20:24:46.129Z] >>> [apiv2][query] GET https://firestore.googleapis.com/v1/projects/clinic-d9c0a/databases/(default)/collectionGroups/-/fields?filter=indexConfig.usesAncestorConfig=false OR ttlConfig:* [none]
[debug] [2025-07-29T20:24:46.235Z] <<< [apiv2][status] GET https://firestore.googleapis.com/v1/projects/clinic-d9c0a/databases/(default)/collectionGroups/-/fields?filter=indexConfig.usesAncestorConfig=false OR ttlConfig:* 200
[debug] [2025-07-29T20:24:46.235Z] <<< [apiv2][body] GET https://firestore.googleapis.com/v1/projects/clinic-d9c0a/databases/(default)/collectionGroups/-/fields?filter=indexConfig.usesAncestorConfig=false OR ttlConfig:* {"fields":[{"name":"projects/clinic-d9c0a/databases/(default)/collectionGroups/__default__/fields/*","indexConfig":{"indexes":[{"queryScope":"COLLECTION","fields":[{"fieldPath":"*","order":"ASCENDING"}],"state":"READY"},{"queryScope":"COLLECTION","fields":[{"fieldPath":"*","order":"DESCENDING"}],"state":"READY"},{"queryScope":"COLLECTION","fields":[{"fieldPath":"*","arrayConfig":"CONTAINS"}],"state":"READY"}]}}]}
[debug] [2025-07-29T20:24:46.237Z] Skipping existing index: {"collectionGroup":"appointments","queryScope":"COLLECTION","fields":[{"fieldPath":"clinicId","order":"ASCENDING"},{"fieldPath":"isActive","order":"ASCENDING"},{"fieldPath":"date","order":"DESCENDING"},{"fieldPath":"timeSlot","order":"ASCENDING"}]}
[debug] [2025-07-29T20:24:46.237Z] Creating new index: {"collectionGroup":"appointments","queryScope":"COLLECTION","fields":[{"fieldPath":"clinicId","order":"ASCENDING"},{"fieldPath":"isActive","order":"ASCENDING"},{"fieldPath":"date","order":"DESCENDING"},{"fieldPath":"__name__","order":"ASCENDING"}]}
[debug] [2025-07-29T20:24:46.237Z] Checked if tokens are valid: true, expires at: 1753823882168
[debug] [2025-07-29T20:24:46.237Z] Checked if tokens are valid: true, expires at: 1753823882168
[debug] [2025-07-29T20:24:46.237Z] >>> [apiv2][query] POST https://firestore.googleapis.com/v1/projects/clinic-d9c0a/databases/(default)/collectionGroups/appointments/indexes [none]
[debug] [2025-07-29T20:24:46.237Z] >>> [apiv2][body] POST https://firestore.googleapis.com/v1/projects/clinic-d9c0a/databases/(default)/collectionGroups/appointments/indexes {"fields":[{"fieldPath":"clinicId","order":"ASCENDING"},{"fieldPath":"isActive","order":"ASCENDING"},{"fieldPath":"date","order":"DESCENDING"},{"fieldPath":"__name__","order":"ASCENDING"}],"queryScope":"COLLECTION"}
[debug] [2025-07-29T20:24:46.353Z] <<< [apiv2][status] POST https://firestore.googleapis.com/v1/projects/clinic-d9c0a/databases/(default)/collectionGroups/appointments/indexes 409
[debug] [2025-07-29T20:24:46.354Z] <<< [apiv2][body] POST https://firestore.googleapis.com/v1/projects/clinic-d9c0a/databases/(default)/collectionGroups/appointments/indexes {"error":{"code":409,"message":"index already exists","status":"ALREADY_EXISTS"}}
[error] 
[error] Error: Request to https://firestore.googleapis.com/v1/projects/clinic-d9c0a/databases/(default)/collectionGroups/appointments/indexes had HTTP Error: 409, index already exists
[debug] [2025-07-29T20:24:46.356Z] Error Context: {
  "body": {
    "error": {
      "code": 409,
      "message": "index already exists",
      "status": "ALREADY_EXISTS"
    }
  },
  "response": {
    "statusCode": 409
  }
}
